// Jest Snapshot v1, https://goo.gl/fbAQLP

exports[`LargeFilteringPattern renders correctly 1`] = `
<div>
  <div
    class="css-ou39vu-boxStyles"
  >
    <div
      class="css-w8is7e-boxStyles"
    >
      <div
        class="css-h0krvw-boxStyles"
      >
        <div
          class="css-hl6z5f-boxStyles-proseClass"
        >
          <h1>
            Table Filtering (Large)
          </h1>
          <p>
            The large filtering pattern is for cases where the number of filterable fields exceeds 5. Our FilterModal is used to reveal all options as the user elects to show them. You may elect to show up to two 'primary' filters in the main content area next to the button which opens the modal.
          </p>
        </div>
        <div
          class="css-1lvzxao-boxStyles"
        >
          <div>
            <a
              class="css-1wxekme-ButtonLink"
              href="#new"
            >
              <svg
                aria-hidden="true"
                class="css-9s3cfn-Icon"
                clip-rule="evenodd"
                focusable="false"
                height="24"
                role="img"
                viewBox="0 0 24 24"
                width="24"
                xmlns="http://www.w3.org/2000/svg"
              >
                <path
                  d="M12 5V19"
                />
                <path
                  d="M5 12H19"
                />
              </svg>
              New item
            </a>
          </div>
          <div
            class="css-14vgs17-boxStyles"
          >
            <div
              class="css-1tyb9vh-boxStyles"
            >
              <div
                class="css-1904cz9-boxStyles-FieldContainer"
              >
                <label
                  class="css-n7rdvo-boxStyles"
                  for="field-:r0:"
                >
                  <span
                    class="css-433uqb-boxStyles-Text"
                  >
                    Search Business name
                  </span>
                </label>
                <div
                  class="css-1x3y508-SearchInputContainer"
                >
                  <svg
                    aria-hidden="true"
                    class="css-c3auo9-SearchInputIcon"
                    clip-rule="evenodd"
                    focusable="false"
                    height="24"
                    role="img"
                    viewBox="0 0 24 24"
                    width="24"
                    xmlns="http://www.w3.org/2000/svg"
                  >
                    <line
                      x1="15.5568"
                      x2="21.9208"
                      y1="15.5562"
                      y2="21.9201"
                    />
                    <circle
                      cx="9.8995"
                      cy="9.89941"
                      r="7"
                    />
                  </svg>
                  <input
                    aria-invalid="false"
                    aria-required="false"
                    autocomplete="off"
                    class="css-1ewffag-Field"
                    id="field-:r0:"
                    type="search"
                    value=""
                  />
                </div>
              </div>
              <button
                class="css-eecl5m-BaseButton-Button"
                type="button"
              >
                <svg
                  aria-hidden="true"
                  class="css-9s3cfn-Icon"
                  clip-rule="evenodd"
                  focusable="false"
                  height="24"
                  role="img"
                  viewBox="0 0 24 24"
                  width="24"
                  xmlns="http://www.w3.org/2000/svg"
                >
                  <path
                    d="M3 6H21M3 12H21M3 18H21M7 4V8M15 10V14M7 16V20"
                  />
                </svg>
                <span>
                  <span
                    class="css-oobk4c-Button"
                  >
                    Show filters
                  </span>
                  <span
                    aria-live="assertive"
                  />
                </span>
              </button>
            </div>
            <div
              class="css-1904cz9-boxStyles-FieldContainer"
            >
              <label
                class="css-n7rdvo-boxStyles"
                for="field-:r1:"
              >
                <span
                  class="css-433uqb-boxStyles-Text"
                >
                  Sort by
                </span>
              </label>
              <div
                class="css-1bg5d3h-SelectContainer"
              >
                <select
                  aria-invalid="false"
                  aria-required="false"
                  class="css-58fznw-Field"
                  id="field-:r1:"
                >
                  <option
                    value="businessName-ASC"
                  >
                    Business name (A-Z)
                  </option>
                  <option
                    value="businessName-DESC"
                  >
                    Business name (Z-A)
                  </option>
                  <option
                    value="city-ASC"
                  >
                    City (A-Z)
                  </option>
                  <option
                    value="city-DESC"
                  >
                    City (Z-A)
                  </option>
                  <option
                    value="numberOfEmployees-ASC"
                  >
                    Number of employees (lowest first)
                  </option>
                  <option
                    value="numberOfEmployees-DESC"
                  >
                    Number of employees (highest first)
                  </option>
                  <option
                    value="requestDate-ASC"
                  >
                    Date registered (oldest first)
                  </option>
                  <option
                    value="requestDate-DESC"
                  >
                    Date registered (newest first)
                  </option>
                </select>
                <svg
                  aria-hidden="true"
                  class="css-1j4iiu7-SelectIcon"
                  clip-rule="evenodd"
                  focusable="false"
                  height="24"
                  role="img"
                  viewBox="0 0 24 24"
                  width="24"
                  xmlns="http://www.w3.org/2000/svg"
                >
                  <path
                    d="M21 8L12 17L3 8"
                  />
                </svg>
              </div>
            </div>
          </div>
        </div>
        <div
          class="css-2ebmvj-TableWrapper"
        >
          <table
            class="css-57emj1-boxStyles-Table"
          >
            <caption
              class="css-qt4zh6-boxStyles-Text-TableCaption"
            >
              Audits (147 items)
            </caption>
            <thead
              class="css-11khhn7-boxStyles"
            >
              <tr>
                <th
                  class="css-tko7c0-boxStyles-TableHeader"
                  scope="col"
                >
                  Business name
                </th>
                <th
                  class="css-1622710-boxStyles-TableHeader"
                  scope="col"
                >
                  Assignee
                </th>
                <th
                  class="css-6jlnw2-boxStyles-TableHeader"
                  scope="col"
                >
                  City
                </th>
                <th
                  class="css-1o5hlha-boxStyles-TableHeader"
                  scope="col"
                >
                  Employees
                </th>
                <th
                  class="css-18ambui-boxStyles-TableHeader"
                  scope="col"
                >
                  Date registered
                </th>
                <th
                  class="css-1622710-boxStyles-TableHeader"
                  scope="col"
                >
                  Status
                </th>
              </tr>
            </thead>
            <tbody
              class="css-8u32cd-boxStyles"
            >
              <tr>
                <td
                  class="css-18k5iax-boxStyles-TableCell"
                >
                  <a
                    class="css-38ppen-TextLink"
                    href="#b2c59ecc-1146-4c4b-8114-ba5b0ca48380"
                  >
                    Agriculture Victoria
                  </a>
                </td>
                <td
                  class="css-18k5iax-boxStyles-TableCell"
                >
                  <div
                    class="css-q6tqn6-boxStyles"
                  >
                    <div
                      class="css-18okgww-boxStyles-Avatar"
                    >
                      GR
                    </div>
                    <span
                      class="css-6j1v6l-boxStyles-Text"
                    >
                      George Russell
                    </span>
                  </div>
                </td>
                <td
                  class="css-18k5iax-boxStyles-TableCell"
                >
                  Melbourne
                  , 
                  VIC
                </td>
                <td
                  class="css-c8qqgx-boxStyles-TableCell"
                >
                  679
                </td>
                <td
                  class="css-c8qqgx-boxStyles-TableCell"
                >
                  20/11/2022
                </td>
                <td
                  class="css-18k5iax-boxStyles-TableCell"
                >
                  <div
                    class="css-766z4q-boxStyles-StatusBadge"
                  >
                    <svg
                      aria-hidden="true"
                      class="css-1h89p7b-Icon"
                      clip-rule="evenodd"
                      focusable="false"
                      height="24"
                      role="img"
                      viewBox="0 0 24 24"
                      width="24"
                      xmlns="http://www.w3.org/2000/svg"
                    >
                      <path
                        d="M16.7525 1.79686C16.5646 1.6069 16.3086 1.5 16.0414 1.5H8.04987C7.78544 1.5 7.53178 1.60473 7.34437 1.79128L1.79451 7.31592C1.60598 7.50359 1.5 7.75863 1.5 8.02464V15.8844C1.5 16.1478 1.60386 16.4005 1.78903 16.5877L7.34344 22.2032C7.53128 22.3931 7.7873 22.5 8.05441 22.5H15.9501C16.2146 22.5 16.4682 22.3953 16.6556 22.2087L22.2055 16.6841C22.394 16.4964 22.5 16.2414 22.5 15.9754V8.02003C22.5 7.75675 22.3962 7.5041 22.2111 7.31689L16.7525 1.79686Z"
                      />
                      <path
                        d="M8 16L16 8"
                      />
                      <path
                        d="M16 16L8 8"
                      />
                    </svg>
                    <span
                      class="css-10dvol5-boxStyles-Text-StatusBadge"
                    >
                      Cancelled
                    </span>
                  </div>
                </td>
              </tr>
              <tr>
                <td
                  class="css-18k5iax-boxStyles-TableCell"
                >
                  <a
                    class="css-38ppen-TextLink"
                    href="#1ca8ae5c-0616-4b2b-a821-20933fff5d73"
                  >
                    Auer - Keeling
                  </a>
                </td>
                <td
                  class="css-18k5iax-boxStyles-TableCell"
                >
                  <div
                    class="css-q6tqn6-boxStyles"
                  >
                    <div
                      class="css-18okgww-boxStyles-Avatar"
                    >
                      GR
                    </div>
                    <span
                      class="css-6j1v6l-boxStyles-Text"
                    >
                      George Russell
                    </span>
                  </div>
                </td>
                <td
                  class="css-18k5iax-boxStyles-TableCell"
                >
                  Dennisfield
                  , 
                  TAS
                </td>
                <td
                  class="css-c8qqgx-boxStyles-TableCell"
                >
                  389
                </td>
                <td
                  class="css-c8qqgx-boxStyles-TableCell"
                >
                  20/01/2023
                </td>
                <td
                  class="css-18k5iax-boxStyles-TableCell"
                >
                  <div
                    class="css-1w1m57w-boxStyles-StatusBadge"
                  >
                    <svg
                      aria-hidden="true"
                      class="css-1esj8rc-Icon"
                      clip-rule="evenodd"
                      focusable="false"
                      height="24"
                      role="img"
                      viewBox="0 0 24 24"
                      width="24"
                      xmlns="http://www.w3.org/2000/svg"
                    >
                      <circle
                        cx="12"
                        cy="12"
                        r="10.5"
                      />
                      <path
                        d="M7 13L10 16L17 9"
                      />
                    </svg>
                    <span
                      class="css-10dvol5-boxStyles-Text-StatusBadge"
                    >
                      Completed
                    </span>
                  </div>
                </td>
              </tr>
              <tr>
                <td
                  class="css-18k5iax-boxStyles-TableCell"
                >
                  <a
                    class="css-38ppen-TextLink"
                    href="#29c603ba-dc62-486d-8f0c-9d45d86ab109"
                  >
                    Aussie Acres Produce
                  </a>
                </td>
                <td
                  class="css-18k5iax-boxStyles-TableCell"
                >
                  <div
                    class="css-q6tqn6-boxStyles"
                  >
                    <div
                      class="css-18okgww-boxStyles-Avatar"
                    >
                      OP
                    </div>
                    <span
                      class="css-6j1v6l-boxStyles-Text"
                    >
                      Oscar Piastri
                    </span>
                  </div>
                </td>
                <td
                  class="css-18k5iax-boxStyles-TableCell"
                >
                  North Lauretta
                  , 
                  QLD
                </td>
                <td
                  class="css-c8qqgx-boxStyles-TableCell"
                >
                  791
                </td>
                <td
                  class="css-c8qqgx-boxStyles-TableCell"
                >
                  03/01/2023
                </td>
                <td
                  class="css-18k5iax-boxStyles-TableCell"
                >
                  <div
                    class="css-766z4q-boxStyles-StatusBadge"
                  >
                    <svg
                      aria-hidden="true"
                      class="css-1h89p7b-Icon"
                      clip-rule="evenodd"
                      focusable="false"
                      height="24"
                      role="img"
                      viewBox="0 0 24 24"
                      width="24"
                      xmlns="http://www.w3.org/2000/svg"
                    >
                      <path
                        d="M16.7525 1.79686C16.5646 1.6069 16.3086 1.5 16.0414 1.5H8.04987C7.78544 1.5 7.53178 1.60473 7.34437 1.79128L1.79451 7.31592C1.60598 7.50359 1.5 7.75863 1.5 8.02464V15.8844C1.5 16.1478 1.60386 16.4005 1.78903 16.5877L7.34344 22.2032C7.53128 22.3931 7.7873 22.5 8.05441 22.5H15.9501C16.2146 22.5 16.4682 22.3953 16.6556 22.2087L22.2055 16.6841C22.394 16.4964 22.5 16.2414 22.5 15.9754V8.02003C22.5 7.75675 22.3962 7.5041 22.2111 7.31689L16.7525 1.79686Z"
                      />
                      <path
                        d="M8 16L16 8"
                      />
                      <path
                        d="M16 16L8 8"
                      />
                    </svg>
                    <span
                      class="css-10dvol5-boxStyles-Text-StatusBadge"
                    >
                      Cancelled
                    </span>
                  </div>
                </td>
              </tr>
              <tr>
                <td
                  class="css-18k5iax-boxStyles-TableCell"
                >
                  <a
                    class="css-38ppen-TextLink"
                    href="#bd25775e-f874-45ed-9f64-4ce89a077412"
                  >
                    Aussie Agribusiness
                  </a>
                </td>
                <td
                  class="css-18k5iax-boxStyles-TableCell"
                >
                  <div
                    class="css-q6tqn6-boxStyles"
                  >
                    <div
                      class="css-18okgww-boxStyles-Avatar"
                    >
                      OP
                    </div>
                    <span
                      class="css-6j1v6l-boxStyles-Text"
                    >
                      Oscar Piastri
                    </span>
                  </div>
                </td>
                <td
                  class="css-18k5iax-boxStyles-TableCell"
                >
                  Sydney
                  , 
                  NSW
                </td>
                <td
                  class="css-c8qqgx-boxStyles-TableCell"
                >
                  645
                </td>
                <td
                  class="css-c8qqgx-boxStyles-TableCell"
                >
                  04/05/2022
                </td>
                <td
                  class="css-18k5iax-boxStyles-TableCell"
                >
                  <div
                    class="css-13gpbg6-boxStyles-StatusBadge"
                  >
                    <div
                      class="css-1ttchuf-boxStyles-NeutralDot"
                    />
                    <span
                      class="css-10dvol5-boxStyles-Text-StatusBadge"
                    >
                      Not booked
                    </span>
                  </div>
                </td>
              </tr>
              <tr>
                <td
                  class="css-18k5iax-boxStyles-TableCell"
                >
                  <a
                    class="css-38ppen-TextLink"
                    href="#a1e8f4e9-c8a3-43a8-8813-c81103dda636"
                  >
                    Aussie Agro Supplies
                  </a>
                </td>
                <td
                  class="css-18k5iax-boxStyles-TableCell"
                >
                  <div
                    class="css-q6tqn6-boxStyles"
                  >
                    <div
                      class="css-18okgww-boxStyles-Avatar"
                    >
                      GR
                    </div>
                    <span
                      class="css-6j1v6l-boxStyles-Text"
                    >
                      George Russell
                    </span>
                  </div>
                </td>
                <td
                  class="css-18k5iax-boxStyles-TableCell"
                >
                  Porterville
                  , 
                  TAS
                </td>
                <td
                  class="css-c8qqgx-boxStyles-TableCell"
                >
                  858
                </td>
                <td
                  class="css-c8qqgx-boxStyles-TableCell"
                >
                  05/08/2022
                </td>
                <td
                  class="css-18k5iax-boxStyles-TableCell"
                >
                  <div
                    class="css-766z4q-boxStyles-StatusBadge"
                  >
                    <svg
                      aria-hidden="true"
                      class="css-1h89p7b-Icon"
                      clip-rule="evenodd"
                      focusable="false"
                      height="24"
                      role="img"
                      viewBox="0 0 24 24"
                      width="24"
                      xmlns="http://www.w3.org/2000/svg"
                    >
                      <path
                        d="M16.7525 1.79686C16.5646 1.6069 16.3086 1.5 16.0414 1.5H8.04987C7.78544 1.5 7.53178 1.60473 7.34437 1.79128L1.79451 7.31592C1.60598 7.50359 1.5 7.75863 1.5 8.02464V15.8844C1.5 16.1478 1.60386 16.4005 1.78903 16.5877L7.34344 22.2032C7.53128 22.3931 7.7873 22.5 8.05441 22.5H15.9501C16.2146 22.5 16.4682 22.3953 16.6556 22.2087L22.2055 16.6841C22.394 16.4964 22.5 16.2414 22.5 15.9754V8.02003C22.5 7.75675 22.3962 7.5041 22.2111 7.31689L16.7525 1.79686Z"
                      />
                      <path
                        d="M8 16L16 8"
                      />
                      <path
                        d="M16 16L8 8"
                      />
                    </svg>
                    <span
                      class="css-10dvol5-boxStyles-Text-StatusBadge"
                    >
                      Cancelled
                    </span>
                  </div>
                </td>
              </tr>
              <tr>
                <td
                  class="css-18k5iax-boxStyles-TableCell"
                >
                  <a
                    class="css-38ppen-TextLink"
                    href="#e5ad8c98-8434-43ca-b8e5-a0a6973c3d17"
                  >
                    Australian Cattle Co.
                  </a>
                </td>
                <td
                  class="css-18k5iax-boxStyles-TableCell"
                >
                  <div
                    class="css-q6tqn6-boxStyles"
                  >
                    <div
                      class="css-18okgww-boxStyles-Avatar"
                    >
                      GR
                    </div>
                    <span
                      class="css-6j1v6l-boxStyles-Text"
                    >
                      George Russell
                    </span>
                  </div>
                </td>
                <td
                  class="css-18k5iax-boxStyles-TableCell"
                >
                  Rohanview
                  , 
                  WA
                </td>
                <td
                  class="css-c8qqgx-boxStyles-TableCell"
                >
                  338
                </td>
                <td
                  class="css-c8qqgx-boxStyles-TableCell"
                >
                  15/05/2022
                </td>
                <td
                  class="css-18k5iax-boxStyles-TableCell"
                >
                  <div
                    class="css-1jpdeo9-boxStyles-StatusBadge"
                  >
                    <svg
                      aria-hidden="true"
                      class="css-1curl5b-Icon"
                      clip-rule="evenodd"
                      focusable="false"
                      height="24"
                      role="img"
                      viewBox="0 0 24 24"
                      width="24"
                      xmlns="http://www.w3.org/2000/svg"
                    >
                      <circle
                        cx="12"
                        cy="12"
                        r="10"
                      />
                      <line
                        x1="12"
                        x2="12"
                        y1="17"
                        y2="11"
                      />
                      <path
                        d="M12 7H12.01"
                      />
                    </svg>
                    <span
                      class="css-10dvol5-boxStyles-Text-StatusBadge"
                    >
                      Booked
                    </span>
                  </div>
                </td>
              </tr>
              <tr>
                <td
                  class="css-18k5iax-boxStyles-TableCell"
                >
                  <a
                    class="css-38ppen-TextLink"
                    href="#d2bf7062-fae9-4e54-8870-447833b8822e"
                  >
                    Barrows LLC
                  </a>
                </td>
                <td
                  class="css-18k5iax-boxStyles-TableCell"
                >
                  -
                </td>
                <td
                  class="css-18k5iax-boxStyles-TableCell"
                >
                  East Elnora
                  , 
                  SA
                </td>
                <td
                  class="css-c8qqgx-boxStyles-TableCell"
                >
                  45
                </td>
                <td
                  class="css-c8qqgx-boxStyles-TableCell"
                >
                  07/08/2022
                </td>
                <td
                  class="css-18k5iax-boxStyles-TableCell"
                >
                  <div
                    class="css-13gpbg6-boxStyles-StatusBadge"
                  >
                    <div
                      class="css-1ttchuf-boxStyles-NeutralDot"
                    />
                    <span
                      class="css-10dvol5-boxStyles-Text-StatusBadge"
                    >
                      Not booked
                    </span>
                  </div>
                </td>
              </tr>
              <tr>
                <td
                  class="css-18k5iax-boxStyles-TableCell"
                >
                  <a
                    class="css-38ppen-TextLink"
                    href="#2b8f7f06-719a-4482-804c-505056a1eec8"
                  >
                    Barton LLC
                  </a>
                </td>
                <td
                  class="css-18k5iax-boxStyles-TableCell"
                >
                  -
                </td>
                <td
                  class="css-18k5iax-boxStyles-TableCell"
                >
                  Port Rosalindaberg
                  , 
                  NSW
                </td>
                <td
                  class="css-c8qqgx-boxStyles-TableCell"
                >
                  717
                </td>
                <td
                  class="css-c8qqgx-boxStyles-TableCell"
                >
                  19/07/2022
                </td>
                <td
                  class="css-18k5iax-boxStyles-TableCell"
                >
                  <div
                    class="css-1w1m57w-boxStyles-StatusBadge"
                  >
                    <svg
                      aria-hidden="true"
                      class="css-1esj8rc-Icon"
                      clip-rule="evenodd"
                      focusable="false"
                      height="24"
                      role="img"
                      viewBox="0 0 24 24"
                      width="24"
                      xmlns="http://www.w3.org/2000/svg"
                    >
                      <circle
                        cx="12"
                        cy="12"
                        r="10.5"
                      />
                      <path
                        d="M7 13L10 16L17 9"
                      />
                    </svg>
                    <span
                      class="css-10dvol5-boxStyles-Text-StatusBadge"
                    >
                      Completed
                    </span>
                  </div>
                </td>
              </tr>
              <tr>
                <td
                  class="css-18k5iax-boxStyles-TableCell"
                >
                  <a
                    class="css-38ppen-TextLink"
                    href="#e825fbba-0f0b-44ca-be06-c84532fc8000"
                  >
                    Beahan LLC
                  </a>
                </td>
                <td
                  class="css-18k5iax-boxStyles-TableCell"
                >
                  <div
                    class="css-q6tqn6-boxStyles"
                  >
                    <div
                      class="css-18okgww-boxStyles-Avatar"
                    >
                      LN
                    </div>
                    <span
                      class="css-6j1v6l-boxStyles-Text"
                    >
                      Lando Norris
                    </span>
                  </div>
                </td>
                <td
                  class="css-18k5iax-boxStyles-TableCell"
                >
                  Angiestead
                  , 
                  WA
                </td>
                <td
                  class="css-c8qqgx-boxStyles-TableCell"
                >
                  614
                </td>
                <td
                  class="css-c8qqgx-boxStyles-TableCell"
                >
                  15/03/2022
                </td>
                <td
                  class="css-18k5iax-boxStyles-TableCell"
                >
                  <div
                    class="css-1w1m57w-boxStyles-StatusBadge"
                  >
                    <svg
                      aria-hidden="true"
                      class="css-1esj8rc-Icon"
                      clip-rule="evenodd"
                      focusable="false"
                      height="24"
                      role="img"
                      viewBox="0 0 24 24"
                      width="24"
                      xmlns="http://www.w3.org/2000/svg"
                    >
                      <circle
                        cx="12"
                        cy="12"
                        r="10.5"
                      />
                      <path
                        d="M7 13L10 16L17 9"
                      />
                    </svg>
                    <span
                      class="css-10dvol5-boxStyles-Text-StatusBadge"
                    >
                      Completed
                    </span>
                  </div>
                </td>
              </tr>
              <tr>
                <td
                  class="css-18k5iax-boxStyles-TableCell"
                >
                  <a
                    class="css-38ppen-TextLink"
                    href="#0ab51c04-0f39-4671-ac3f-5f23c43b259e"
                  >
                    Beahan, Grady and Ratke
                  </a>
                </td>
                <td
                  class="css-18k5iax-boxStyles-TableCell"
                >
                  -
                </td>
                <td
                  class="css-18k5iax-boxStyles-TableCell"
                >
                  Fort Jeremyboro
                  , 
                  SA
                </td>
                <td
                  class="css-c8qqgx-boxStyles-TableCell"
                >
                  808
                </td>
                <td
                  class="css-c8qqgx-boxStyles-TableCell"
                >
                  03/09/2022
                </td>
                <td
                  class="css-18k5iax-boxStyles-TableCell"
                >
                  <div
                    class="css-13gpbg6-boxStyles-StatusBadge"
                  >
                    <div
                      class="css-1ttchuf-boxStyles-NeutralDot"
                    />
                    <span
                      class="css-10dvol5-boxStyles-Text-StatusBadge"
                    >
                      Not booked
                    </span>
                  </div>
                </td>
              </tr>
            </tbody>
          </table>
        </div>
        <div
          class="css-gtshp4-boxStyles"
        >
          <div
            class="css-1904cz9-boxStyles-FieldContainer"
          >
            <label
              class="css-n7rdvo-boxStyles"
              for="field-:r2:"
            >
              <span
                class="css-433uqb-boxStyles-Text"
              >
                Items per page
              </span>
            </label>
            <div
              class="css-1mt40i6-SelectContainer"
            >
              <select
                aria-invalid="false"
                aria-required="false"
                class="css-58fznw-Field"
                id="field-:r2:"
              >
                <option
                  value="10"
                >
                  10
                </option>
                <option
                  value="20"
                >
                  20
                </option>
                <option
                  value="50"
                >
                  50
                </option>
                <option
                  value="100"
                >
                  100
                </option>
              </select>
              <svg
                aria-hidden="true"
                class="css-1j4iiu7-SelectIcon"
                clip-rule="evenodd"
                focusable="false"
                height="24"
                role="img"
                viewBox="0 0 24 24"
                width="24"
                xmlns="http://www.w3.org/2000/svg"
              >
                <path
                  d="M21 8L12 17L3 8"
                />
              </svg>
            </div>
          </div>
          <div
            class="css-b7l074-boxStyles"
          >
            <button
              class="css-1gdmbk7-BaseButton-boxStyles-BaseDirectionLink"
              type="button"
            >
              <svg
                aria-hidden="true"
                class="css-1krnro2-Icon"
                clip-rule="evenodd"
                focusable="false"
                height="24"
                role="img"
                viewBox="0 0 24 24"
                width="24"
                xmlns="http://www.w3.org/2000/svg"
              >
                <path
                  d="M21 12L4 12"
                />
                <path
                  d="M8 17L3 12L8 7"
                />
              </svg>
              Back
            </button>
            <div
              class="css-1904cz9-boxStyles-FieldContainer"
            >
              <label
                class="css-n7rdvo-boxStyles"
                for="field-:r3:"
              >
                <span
                  class="css-433uqb-boxStyles-Text"
                >
                  Page
                </span>
              </label>
              <div
                class="css-1bg5d3h-SelectContainer"
              >
                <select
                  aria-invalid="false"
                  aria-required="false"
                  class="css-58fznw-Field"
                  id="field-:r3:"
                >
                  <option
                    value="1"
                  >
                    1
                  </option>
                  <option
                    value="2"
                  >
                    2
                  </option>
                  <option
                    value="3"
                  >
                    3
                  </option>
                  <option
                    value="4"
                  >
                    4
                  </option>
                  <option
                    value="5"
                  >
                    5
                  </option>
                  <option
                    value="6"
                  >
                    6
                  </option>
                  <option
                    value="7"
                  >
                    7
                  </option>
                  <option
                    value="8"
                  >
                    8
                  </option>
                  <option
                    value="9"
                  >
                    9
                  </option>
                  <option
                    value="10"
                  >
                    10
                  </option>
                  <option
                    value="11"
                  >
                    11
                  </option>
                  <option
                    value="12"
                  >
                    12
                  </option>
                  <option
                    value="13"
                  >
                    13
                  </option>
                  <option
                    value="14"
                  >
                    14
                  </option>
                  <option
                    value="15"
                  >
                    15
                  </option>
                </select>
                <svg
                  aria-hidden="true"
                  class="css-1j4iiu7-SelectIcon"
                  clip-rule="evenodd"
                  focusable="false"
                  height="24"
                  role="img"
                  viewBox="0 0 24 24"
                  width="24"
                  xmlns="http://www.w3.org/2000/svg"
                >
                  <path
                    d="M21 8L12 17L3 8"
                  />
                </svg>
              </div>
            </div>
            <button
              class="css-1gdmbk7-BaseButton-boxStyles-BaseDirectionLink"
              type="button"
            >
              Next
              <svg
                aria-hidden="true"
                class="css-1krnro2-Icon"
                clip-rule="evenodd"
                focusable="false"
                height="24"
                role="img"
                viewBox="0 0 24 24"
                width="24"
                xmlns="http://www.w3.org/2000/svg"
              >
                <path
                  d="M3 12L20 12"
                />
                <path
                  d="M16 7L21 12L16 17"
                />
              </svg>
            </button>
          </div>
        </div>
      </div>
    </div>
  </div>
</div>
`;
